// Jest Snapshot v1, https://goo.gl/fbAQLP

exports[`Pruebas en <GifGridItem /> Debe mostrar el componente correctamente 1`] = `
<div
  className="card animate__animated animate__flipInX"
>
  <img
    alt="un título"
    src="https://localhost/image.png"
  />
  <p>
    un título
  </p>
</div>
`;
