// Jest Snapshot v1, https://goo.gl/fbAQLP

exports[`Probando el componente GifGrid Debe mostrar items cuando se cargan las im√°genes usando useFetchGifs 1`] = `
<Fragment>
  <h3>
    Amelie
  </h3>
  <p>
    Loading...
  </p>
  <div
    className="card-grid"
  />
</Fragment>
`;

exports[`Probando el componente GifGrid Debe mostrarse correctamente 1`] = `
<Fragment>
  <h3>
    Amelie
  </h3>
  <p>
    Loading...
  </p>
  <div
    className="card-grid"
  />
</Fragment>
`;
